// Jest Snapshot v1, https://goo.gl/fbAQLP

exports[`Evet renders correctly 1`] = `
<div>
  <h1
    css={
      Object {
        "map": undefined,
        "name": "1ofhypn",
        "next": undefined,
        "styles": "
  text-decoration: underline;
  ",
        "toString": [Function],
      }
    }
  >
    (
    )
  </h1>
  <p
    css={
      Object {
        "map": undefined,
        "name": "1yov2b9",
        "next": undefined,
        "styles": "
color:red

",
        "toString": [Function],
      }
    }
  >
    Website :
    <a />
  </p>
  <p>
    Starting date:
  </p>
  <p>
    Ending Date :
  </p>
</div>
`;
